** Drc report for oso75.kicad_pcb **
** Created on 2026-06-08T16:02:46 **
** Report includes: Errors **

** Found 0 DRC violations **

** Found 225 unconnected pads **
[unconnected_items]: Missing connection between items
    Local override; error
    @(150.1060 mm, 156.0630 mm): Pad 2 [GND] of C2 on F.Cu
    @(141.0060 mm, 152.0630 mm): Pad 2 [GND] of SW_RESET on F.Cu
[unconnected_items]: Missing connection between items
    Local override; error
    @(150.1060 mm, 159.0630 mm): Pad 2 [GND] of C1 on F.Cu
    @(150.1060 mm, 156.0630 mm): Pad 2 [GND] of C2 on F.Cu
[unconnected_items]: Missing connection between items
    Local override; error
    @(154.2060 mm, 152.0630 mm): Pad 2 [GND] of U3 on F.Cu
    @(150.1060 mm, 156.0630 mm): Pad 2 [GND] of C2 on F.Cu
[unconnected_items]: Missing connection between items
    Local override; error
    @(154.2060 mm, 152.0630 mm): Pad 2 [GND] of U3 on F.Cu
    @(165.1060 mm, 147.0630 mm): Pad 2 [GND] of C3 on F.Cu
[unconnected_items]: Missing connection between items
    Local override; error
    @(165.1060 mm, 147.0630 mm): Pad 2 [GND] of C3 on F.Cu
    @(168.1060 mm, 141.0630 mm): Pad 2 [GND] of C5 on F.Cu
[unconnected_items]: Missing connection between items
    Local override; error
    @(166.1060 mm, 163.0630 mm): Pad 2 [GND] of R1 on F.Cu
    @(168.7060 mm, 168.2620 mm): PTH pad S1 [GND] of J1
[unconnected_items]: Missing connection between items
    Local override; error
    @(168.7060 mm, 168.2620 mm): PTH pad S1 [GND] of J1
    @(177.9060 mm, 168.2620 mm): PTH pad S2 [GND] of J1
[unconnected_items]: Missing connection between items
    Local override; error
    @(172.3060 mm, 155.7130 mm): Pad 19 [GND] of U1 on F.Cu
    @(173.3060 mm, 152.0630 mm): Pad 57 [GND] of U1 on F.Cu
[unconnected_items]: Missing connection between items
    Local override; error
    @(173.3060 mm, 152.0630 mm): Pad 57 [GND] of U1 on F.Cu
    @(165.1060 mm, 147.0630 mm): Pad 2 [GND] of C3 on F.Cu
[unconnected_items]: Missing connection between items
    Local override; error
    @(176.9560 mm, 151.4630 mm): Pad 37 [GND] of U1 on F.Cu
    @(176.9560 mm, 152.2630 mm): Pad 35 [GND] of U1 on F.Cu
[unconnected_items]: Missing connection between items
    Local override; error
    @(176.9560 mm, 152.2630 mm): Pad 35 [GND] of U1 on F.Cu
    @(173.3060 mm, 152.0630 mm): Pad 57 [GND] of U1 on F.Cu
[unconnected_items]: Missing connection between items
    Local override; error
    @(180.1060 mm, 141.0630 mm): Pad 2 [GND] of C6 on F.Cu
    @(183.1060 mm, 147.0630 mm): Pad 2 [GND] of C4 on F.Cu
[unconnected_items]: Missing connection between items
    Local override; error
    @(182.1060 mm, 163.0630 mm): Pad 2 [GND] of R2 on F.Cu
    @(177.9060 mm, 168.2620 mm): PTH pad S2 [GND] of J1
[unconnected_items]: Missing connection between items
    Local override; error
    @(182.1060 mm, 163.0630 mm): Pad 2 [GND] of R2 on F.Cu
    @(183.6060 mm, 153.9680 mm): Pad 4 [GND] of U2 on F.Cu
[unconnected_items]: Missing connection between items
    Local override; error
    @(183.1060 mm, 147.0630 mm): Pad 2 [GND] of C4 on F.Cu
    @(183.6060 mm, 153.9680 mm): Pad 4 [GND] of U2 on F.Cu
[unconnected_items]: Missing connection between items
    Local override; error
    @(183.6060 mm, 153.9680 mm): Pad 4 [GND] of U2 on F.Cu
    @(176.9560 mm, 152.2630 mm): Pad 35 [GND] of U1 on F.Cu
[unconnected_items]: Missing connection between items
    Local override; error
    @(183.6060 mm, 153.9680 mm): Pad 4 [GND] of U2 on F.Cu
    @(209.0060 mm, 152.0630 mm): Pad 2 [GND] of SW_BOOT on F.Cu
[unconnected_items]: Missing connection between items
    Local override; error
    @(154.2060 mm, 151.1130 mm): Pad 1 [VBUS] of U3 on F.Cu
    @(148.5060 mm, 159.0630 mm): Pad 1 [VBUS] of C1 on F.Cu
[unconnected_items]: Missing connection between items
    Local override; error
    @(156.4060 mm, 151.1130 mm): Pad 5 [VBUS] of U3 on F.Cu
    @(154.2060 mm, 151.1130 mm): Pad 1 [VBUS] of U3 on F.Cu
[unconnected_items]: Missing connection between items
    Local override; error
    @(170.3060 mm, 168.2620 mm): Pad A4 [VBUS] of J1 on F.Cu
    @(170.9060 mm, 168.2620 mm): Pad B4 [VBUS] of J1 on F.Cu
[unconnected_items]: Missing connection between items
    Local override; error
    @(170.3060 mm, 168.2620 mm): Pad A4 [VBUS] of J1 on F.Cu
    @(156.4060 mm, 151.1130 mm): Pad 5 [VBUS] of U3 on F.Cu
[unconnected_items]: Missing connection between items
    Local override; error
    @(148.5060 mm, 156.0630 mm): Pad 1 [+3V3] of C2 on F.Cu
    @(154.2060 mm, 153.0130 mm): Pad 3 [+3V3] of U3 on F.Cu
[unconnected_items]: Missing connection between items
    Local override; error
    @(154.2060 mm, 153.0130 mm): Pad 3 [+3V3] of U3 on F.Cu
    @(149.1060 mm, 146.0630 mm): Pad 2 [+3V3] of R5 on F.Cu
[unconnected_items]: Missing connection between items
    Local override; error
    @(156.4060 mm, 153.0130 mm): Pad 4 [+3V3] of U3 on F.Cu
    @(154.2060 mm, 153.0130 mm): Pad 3 [+3V3] of U3 on F.Cu
[unconnected_items]: Missing connection between items
    Local override; error
    @(169.6560 mm, 149.4630 mm): Pad 1 [+3V3] of U1 on F.Cu
    @(173.5060 mm, 148.4130 mm): Pad 49 [+3V3] of U1 on F.Cu
[unconnected_items]: Missing connection between items
    Local override; error
    @(169.6560 mm, 153.0630 mm): Pad 10 [+3V3] of U1 on F.Cu
    @(169.6560 mm, 149.4630 mm): Pad 1 [+3V3] of U1 on F.Cu
[unconnected_items]: Missing connection between items
    Local override; error
    @(169.6560 mm, 153.0630 mm): Pad 10 [+3V3] of U1 on F.Cu
    @(156.4060 mm, 153.0130 mm): Pad 4 [+3V3] of U3 on F.Cu
[unconnected_items]: Missing connection between items
    Local override; error
    @(173.5060 mm, 155.7130 mm): Pad 22 [+3V3] of U1 on F.Cu
    @(176.9560 mm, 153.0630 mm): Pad 33 [+3V3] of U1 on F.Cu
[unconnected_items]: Missing connection between items
    Local override; error
    @(173.9060 mm, 148.4130 mm): Pad 48 [+3V3] of U1 on F.Cu
    @(173.5060 mm, 148.4130 mm): Pad 49 [+3V3] of U1 on F.Cu
[unconnected_items]: Missing connection between items
    Local override; error
    @(175.5060 mm, 148.4130 mm): Pad 44 [+3V3] of U1 on F.Cu
    @(173.9060 mm, 148.4130 mm): Pad 48 [+3V3] of U1 on F.Cu
[unconnected_items]: Missing connection between items
    Local override; error
    @(175.9060 mm, 148.4130 mm): Pad 43 [+3V3] of U1 on F.Cu
    @(175.5060 mm, 148.4130 mm): Pad 44 [+3V3] of U1 on F.Cu
[unconnected_items]: Missing connection between items
    Local override; error
    @(175.9060 mm, 148.4130 mm): Pad 43 [+3V3] of U1 on F.Cu
    @(176.9560 mm, 149.4630 mm): Pad 42 [+3V3] of U1 on F.Cu
[unconnected_items]: Missing connection between items
    Local override; error
    @(176.9560 mm, 149.4630 mm): Pad 42 [+3V3] of U1 on F.Cu
    @(176.9560 mm, 153.0630 mm): Pad 33 [+3V3] of U1 on F.Cu
[unconnected_items]: Missing connection between items
    Local override; error
    @(176.9560 mm, 149.4630 mm): Pad 42 [+3V3] of U1 on F.Cu
    @(181.5060 mm, 147.0630 mm): Pad 1 [+3V3] of C4 on F.Cu
[unconnected_items]: Missing connection between items
    Local override; error
    @(181.5060 mm, 147.0630 mm): Pad 1 [+3V3] of C4 on F.Cu
    @(189.0060 mm, 150.1580 mm): Pad 8 [+3V3] of U2 on F.Cu
[unconnected_items]: Missing connection between items
    Local override; error
    @(189.0060 mm, 150.1580 mm): Pad 8 [+3V3] of U2 on F.Cu
    @(199.1060 mm, 146.0630 mm): Pad 2 [+3V3] of R6 on F.Cu
[unconnected_items]: Missing connection between items
    Local override; error
    @(163.5060 mm, 147.0630 mm): Pad 1 [+1V1] of C3 on F.Cu
    @(173.1060 mm, 148.4130 mm): Pad 50 [+1V1] of U1 on F.Cu
[unconnected_items]: Missing connection between items
    Local override; error
    @(173.1060 mm, 148.4130 mm): Pad 50 [+1V1] of U1 on F.Cu
    @(173.9060 mm, 155.7130 mm): Pad 23 [+1V1] of U1 on F.Cu
[unconnected_items]: Missing connection between items
    Local override; error
    @(175.1060 mm, 148.4130 mm): Pad 45 [+1V1] of U1 on F.Cu
    @(173.1060 mm, 148.4130 mm): Pad 50 [+1V1] of U1 on F.Cu
[unconnected_items]: Missing connection between items
    Local override; error
    @(164.5060 mm, 163.0630 mm): Pad 1 [USB_CC1] of R1 on F.Cu
    @(175.5560 mm, 168.2620 mm): Pad CC1 [USB_CC1] of J1 on F.Cu
[unconnected_items]: Missing connection between items
    Local override; error
    @(176.1560 mm, 168.2620 mm): Pad CC2 [USB_CC2] of J1 on F.Cu
    @(180.5060 mm, 163.0630 mm): Pad 1 [USB_CC2] of R2 on F.Cu
[unconnected_items]: Missing connection between items
    Local override; error
    @(167.5060 mm, 158.0630 mm): Pad 1 [USB_DP_CONN] of R3 on F.Cu
    @(172.6060 mm, 168.2620 mm): Pad A6 [USB_DP_CONN] of J1 on F.Cu
[unconnected_items]: Missing connection between items
    Local override; error
    @(174.0060 mm, 168.2620 mm): Pad B7 [USB_DM_CONN] of J1 on F.Cu
    @(177.5060 mm, 158.0630 mm): Pad 1 [USB_DM_CONN] of R4 on F.Cu
[unconnected_items]: Missing connection between items
    Local override; error
    @(169.1060 mm, 158.0630 mm): Pad 2 [USB_DP] of R3 on F.Cu
    @(174.3060 mm, 148.4130 mm): Pad 47 [USB_DP] of U1 on F.Cu
[unconnected_items]: Missing connection between items
    Local override; error
    @(174.7060 mm, 148.4130 mm): Pad 46 [USB_DM] of U1 on F.Cu
    @(179.1060 mm, 158.0630 mm): Pad 2 [USB_DM] of R4 on F.Cu
[unconnected_items]: Missing connection between items
    Local override; error
    @(147.5060 mm, 146.0630 mm): Pad 1 [RESET_N] of R5 on F.Cu
    @(137.6060 mm, 152.0630 mm): Pad 1 [RESET_N] of SW_RESET on F.Cu
[unconnected_items]: Missing connection between items
    Local override; error
    @(175.1060 mm, 155.7130 mm): Pad 26 [RESET_N] of U1 on F.Cu
    @(147.5060 mm, 146.0630 mm): Pad 1 [RESET_N] of R5 on F.Cu
[unconnected_items]: Missing connection between items
    Local override; error
    @(170.7060 mm, 148.4130 mm): Pad 56 [FLASH_CS_N] of U1 on F.Cu
    @(183.6060 mm, 150.1580 mm): Pad 1 [FLASH_CS_N] of U2 on F.Cu
[unconnected_items]: Missing connection between items
    Local override; error
    @(183.6060 mm, 150.1580 mm): Pad 1 [FLASH_CS_N] of U2 on F.Cu
    @(197.5060 mm, 146.0630 mm): Pad 1 [FLASH_CS_N] of R6 on F.Cu
[unconnected_items]: Missing connection between items
    Local override; error
    @(205.6060 mm, 152.0630 mm): Pad 1 [FLASH_CS_N] of SW_BOOT on F.Cu
    @(197.5060 mm, 146.0630 mm): Pad 1 [FLASH_CS_N] of R6 on F.Cu
[unconnected_items]: Missing connection between items
    Local override; error
    @(166.5060 mm, 141.0630 mm): Pad 1 [XTAL_IN] of C5 on F.Cu
    @(172.7060 mm, 155.7130 mm): Pad 20 [XTAL_IN] of U1 on F.Cu
[unconnected_items]: Missing connection between items
    Local override; error
    @(173.1060 mm, 155.7130 mm): Pad 21 [XTAL_OUT] of U1 on F.Cu
    @(178.5060 mm, 141.0630 mm): Pad 1 [XTAL_OUT] of C6 on F.Cu
[unconnected_items]: Missing connection between items
    Local override; error
    @(172.3060 mm, 148.4130 mm): Pad 52 [QSPI_SCLK] of U1 on F.Cu
    @(189.0060 mm, 152.6980 mm): Pad 6 [QSPI_SCLK] of U2 on F.Cu
[unconnected_items]: Missing connection between items
    Local override; error
    @(171.9060 mm, 148.4130 mm): Pad 53 [QSPI_SD0] of U1 on F.Cu
    @(189.0060 mm, 153.9680 mm): Pad 5 [QSPI_SD0] of U2 on F.Cu
[unconnected_items]: Missing connection between items
    Local override; error
    @(171.1060 mm, 148.4130 mm): Pad 55 [QSPI_SD1] of U1 on F.Cu
    @(183.6060 mm, 151.4280 mm): Pad 2 [QSPI_SD1] of U2 on F.Cu
[unconnected_items]: Missing connection between items
    Local override; error
    @(171.5060 mm, 148.4130 mm): Pad 54 [QSPI_SD2] of U1 on F.Cu
    @(183.6060 mm, 152.6980 mm): Pad 3 [QSPI_SD2] of U2 on F.Cu
[unconnected_items]: Missing connection between items
    Local override; error
    @(172.7060 mm, 148.4130 mm): Pad 51 [QSPI_SD3] of U1 on F.Cu
    @(189.0060 mm, 151.4280 mm): Pad 7 [QSPI_SD3] of U2 on F.Cu
[unconnected_items]: Missing connection between items
    Local override; error
    @(64.7750 mm, 25.0250 mm): Pad 2 [ROW0] of D2 on F.Cu
    @(26.6750 mm, 25.0250 mm): Pad 2 [ROW0] of D1 on F.Cu
[unconnected_items]: Missing connection between items
    Local override; error
    @(83.8250 mm, 25.0250 mm): Pad 2 [ROW0] of D3 on F.Cu
    @(64.7750 mm, 25.0250 mm): Pad 2 [ROW0] of D2 on F.Cu
[unconnected_items]: Missing connection between items
    Local override; error
    @(102.8750 mm, 25.0250 mm): Pad 2 [ROW0] of D4 on F.Cu
    @(83.8250 mm, 25.0250 mm): Pad 2 [ROW0] of D3 on F.Cu
[unconnected_items]: Missing connection between items
    Local override; error
    @(121.9250 mm, 25.0250 mm): Pad 2 [ROW0] of D5 on F.Cu
    @(102.8750 mm, 25.0250 mm): Pad 2 [ROW0] of D4 on F.Cu
[unconnected_items]: Missing connection between items
    Local override; error
    @(150.5000 mm, 25.0250 mm): Pad 2 [ROW0] of D6 on F.Cu
    @(121.9250 mm, 25.0250 mm): Pad 2 [ROW0] of D5 on F.Cu
[unconnected_items]: Missing connection between items
    Local override; error
    @(169.5500 mm, 25.0250 mm): Pad 2 [ROW0] of D7 on F.Cu
    @(150.5000 mm, 25.0250 mm): Pad 2 [ROW0] of D6 on F.Cu
[unconnected_items]: Missing connection between items
    Local override; error
    @(169.5500 mm, 25.0250 mm): Pad 2 [ROW0] of D7 on F.Cu
    @(169.6560 mm, 149.8630 mm): Pad 2 [ROW0] of U1 on F.Cu
[unconnected_items]: Missing connection between items
    Local override; error
    @(188.6000 mm, 25.0250 mm): Pad 2 [ROW0] of D8 on F.Cu
    @(169.5500 mm, 25.0250 mm): Pad 2 [ROW0] of D7 on F.Cu
[unconnected_items]: Missing connection between items
    Local override; error
    @(207.6500 mm, 25.0250 mm): Pad 2 [ROW0] of D9 on F.Cu
    @(188.6000 mm, 25.0250 mm): Pad 2 [ROW0] of D8 on F.Cu
[unconnected_items]: Missing connection between items
    Local override; error
    @(236.2250 mm, 25.0250 mm): Pad 2 [ROW0] of D10 on F.Cu
    @(207.6500 mm, 25.0250 mm): Pad 2 [ROW0] of D9 on F.Cu
[unconnected_items]: Missing connection between items
    Local override; error
    @(255.2750 mm, 25.0250 mm): Pad 2 [ROW0] of D11 on F.Cu
    @(236.2250 mm, 25.0250 mm): Pad 2 [ROW0] of D10 on F.Cu
[unconnected_items]: Missing connection between items
    Local override; error
    @(274.3250 mm, 25.0250 mm): Pad 2 [ROW0] of D12 on F.Cu
    @(255.2750 mm, 25.0250 mm): Pad 2 [ROW0] of D11 on F.Cu
[unconnected_items]: Missing connection between items
    Local override; error
    @(293.3750 mm, 25.0250 mm): Pad 2 [ROW0] of D13 on F.Cu
    @(274.3250 mm, 25.0250 mm): Pad 2 [ROW0] of D12 on F.Cu
[unconnected_items]: Missing connection between items
    Local override; error
    @(317.1880 mm, 25.0250 mm): Pad 2 [ROW0] of D74 on F.Cu
    @(293.3750 mm, 25.0250 mm): Pad 2 [ROW0] of D13 on F.Cu
[unconnected_items]: Missing connection between items
    Local override; error
    @(45.7250 mm, 48.8370 mm): Pad 2 [ROW1] of D15 on F.Cu
    @(26.6750 mm, 48.8370 mm): Pad 2 [ROW1] of D14 on F.Cu
[unconnected_items]: Missing connection between items
    Local override; error
    @(64.7750 mm, 48.8370 mm): Pad 2 [ROW1] of D16 on F.Cu
    @(45.7250 mm, 48.8370 mm): Pad 2 [ROW1] of D15 on F.Cu
[unconnected_items]: Missing connection between items
    Local override; error
    @(83.8250 mm, 48.8370 mm): Pad 2 [ROW1] of D17 on F.Cu
    @(64.7750 mm, 48.8370 mm): Pad 2 [ROW1] of D16 on F.Cu
[unconnected_items]: Missing connection between items
    Local override; error
    @(102.8750 mm, 48.8370 mm): Pad 2 [ROW1] of D18 on F.Cu
    @(83.8250 mm, 48.8370 mm): Pad 2 [ROW1] of D17 on F.Cu
[unconnected_items]: Missing connection between items
    Local override; error
    @(121.9250 mm, 48.8370 mm): Pad 2 [ROW1] of D19 on F.Cu
    @(102.8750 mm, 48.8370 mm): Pad 2 [ROW1] of D18 on F.Cu
[unconnected_items]: Missing connection between items
    Local override; error
    @(140.9750 mm, 48.8370 mm): Pad 2 [ROW1] of D20 on F.Cu
    @(121.9250 mm, 48.8370 mm): Pad 2 [ROW1] of D19 on F.Cu
[unconnected_items]: Missing connection between items
    Local override; error
    @(160.0250 mm, 48.8370 mm): Pad 2 [ROW1] of D21 on F.Cu
    @(140.9750 mm, 48.8370 mm): Pad 2 [ROW1] of D20 on F.Cu
[unconnected_items]: Missing connection between items
    Local override; error
    @(179.0750 mm, 48.8370 mm): Pad 2 [ROW1] of D22 on F.Cu
    @(160.0250 mm, 48.8370 mm): Pad 2 [ROW1] of D21 on F.Cu
[unconnected_items]: Missing connection between items
    Local override; error
    @(179.0750 mm, 48.8370 mm): Pad 2 [ROW1] of D22 on F.Cu
    @(169.6560 mm, 150.2630 mm): Pad 3 [ROW1] of U1 on F.Cu
[unconnected_items]: Missing connection between items
    Local override; error
    @(198.1250 mm, 48.8370 mm): Pad 2 [ROW1] of D23 on F.Cu
    @(179.0750 mm, 48.8370 mm): Pad 2 [ROW1] of D22 on F.Cu
[unconnected_items]: Missing connection between items
    Local override; error
    @(217.1750 mm, 48.8370 mm): Pad 2 [ROW1] of D24 on F.Cu
    @(198.1250 mm, 48.8370 mm): Pad 2 [ROW1] of D23 on F.Cu
[unconnected_items]: Missing connection between items
    Local override; error
    @(236.2250 mm, 48.8370 mm): Pad 2 [ROW1] of D25 on F.Cu
    @(217.1750 mm, 48.8370 mm): Pad 2 [ROW1] of D24 on F.Cu
[unconnected_items]: Missing connection between items
    Local override; error
    @(255.2750 mm, 48.8370 mm): Pad 2 [ROW1] of D26 on F.Cu
    @(236.2250 mm, 48.8370 mm): Pad 2 [ROW1] of D25 on F.Cu
[unconnected_items]: Missing connection between items
    Local override; error
    @(283.8500 mm, 48.8370 mm): Pad 2 [ROW1] of D27 on F.Cu
    @(255.2750 mm, 48.8370 mm): Pad 2 [ROW1] of D26 on F.Cu
[unconnected_items]: Missing connection between items
    Local override; error
    @(317.1880 mm, 48.8370 mm): Pad 2 [ROW1] of D75 on F.Cu
    @(283.8500 mm, 48.8370 mm): Pad 2 [ROW1] of D27 on F.Cu
[unconnected_items]: Missing connection between items
    Local override; error
    @(336.2380 mm, 48.8370 mm): Pad 2 [ROW1] of D76 on F.Cu
    @(317.1880 mm, 48.8370 mm): Pad 2 [ROW1] of D75 on F.Cu
[unconnected_items]: Missing connection between items
    Local override; error
    @(55.2500 mm, 67.8880 mm): Pad 2 [ROW2] of D29 on F.Cu
    @(31.4380 mm, 67.8880 mm): Pad 2 [ROW2] of D28 on F.Cu
[unconnected_items]: Missing connection between items
    Local override; error
    @(74.3000 mm, 67.8880 mm): Pad 2 [ROW2] of D30 on F.Cu
    @(55.2500 mm, 67.8880 mm): Pad 2 [ROW2] of D29 on F.Cu
[unconnected_items]: Missing connection between items
    Local override; error
    @(93.3500 mm, 67.8880 mm): Pad 2 [ROW2] of D31 on F.Cu
    @(74.3000 mm, 67.8880 mm): Pad 2 [ROW2] of D30 on F.Cu
[unconnected_items]: Missing connection between items
    Local override; error
    @(112.4000 mm, 67.8880 mm): Pad 2 [ROW2] of D32 on F.Cu
    @(93.3500 mm, 67.8880 mm): Pad 2 [ROW2] of D31 on F.Cu
[unconnected_items]: Missing connection between items
    Local override; error
    @(131.4500 mm, 67.8880 mm): Pad 2 [ROW2] of D33 on F.Cu
    @(112.4000 mm, 67.8880 mm): Pad 2 [ROW2] of D32 on F.Cu
[unconnected_items]: Missing connection between items
    Local override; error
    @(150.5000 mm, 67.8880 mm): Pad 2 [ROW2] of D34 on F.Cu
    @(131.4500 mm, 67.8880 mm): Pad 2 [ROW2] of D33 on F.Cu
[unconnected_items]: Missing connection between items
    Local override; error
    @(169.5500 mm, 67.8880 mm): Pad 2 [ROW2] of D35 on F.Cu
    @(150.5000 mm, 67.8880 mm): Pad 2 [ROW2] of D34 on F.Cu
[unconnected_items]: Missing connection between items
    Local override; error
    @(169.5500 mm, 67.8880 mm): Pad 2 [ROW2] of D35 on F.Cu
    @(169.6560 mm, 150.6630 mm): Pad 4 [ROW2] of U1 on F.Cu
[unconnected_items]: Missing connection between items
    Local override; error
    @(188.6000 mm, 67.8880 mm): Pad 2 [ROW2] of D36 on F.Cu
    @(169.5500 mm, 67.8880 mm): Pad 2 [ROW2] of D35 on F.Cu
[unconnected_items]: Missing connection between items
    Local override; error
    @(207.6500 mm, 67.8880 mm): Pad 2 [ROW2] of D37 on F.Cu
    @(188.6000 mm, 67.8880 mm): Pad 2 [ROW2] of D36 on F.Cu
[unconnected_items]: Missing connection between items
    Local override; error
    @(226.7000 mm, 67.8880 mm): Pad 2 [ROW2] of D38 on F.Cu
    @(207.6500 mm, 67.8880 mm): Pad 2 [ROW2] of D37 on F.Cu
[unconnected_items]: Missing connection between items
    Local override; error
    @(245.7500 mm, 67.8880 mm): Pad 2 [ROW2] of D39 on F.Cu
    @(226.7000 mm, 67.8880 mm): Pad 2 [ROW2] of D38 on F.Cu
[unconnected_items]: Missing connection between items
    Local override; error
    @(264.8000 mm, 67.8880 mm): Pad 2 [ROW2] of D40 on F.Cu
    @(245.7500 mm, 67.8880 mm): Pad 2 [ROW2] of D39 on F.Cu
[unconnected_items]: Missing connection between items
    Local override; error
    @(288.6130 mm, 67.8880 mm): Pad 2 [ROW2] of D41 on F.Cu
    @(264.8000 mm, 67.8880 mm): Pad 2 [ROW2] of D40 on F.Cu
[unconnected_items]: Missing connection between items
    Local override; error
    @(317.1880 mm, 67.8880 mm): Pad 2 [ROW2] of D77 on F.Cu
    @(288.6130 mm, 67.8880 mm): Pad 2 [ROW2] of D41 on F.Cu
[unconnected_items]: Missing connection between items
    Local override; error
    @(336.2380 mm, 67.8880 mm): Pad 2 [ROW2] of D78 on F.Cu
    @(317.1880 mm, 67.8880 mm): Pad 2 [ROW2] of D77 on F.Cu
[unconnected_items]: Missing connection between items
    Local override; error
    @(60.0130 mm, 86.9380 mm): Pad 2 [ROW3] of D43 on F.Cu
    @(33.8190 mm, 86.9380 mm): Pad 2 [ROW3] of D42 on F.Cu
[unconnected_items]: Missing connection between items
    Local override; error
    @(79.0620 mm, 86.9380 mm): Pad 2 [ROW3] of D44 on F.Cu
    @(60.0130 mm, 86.9380 mm): Pad 2 [ROW3] of D43 on F.Cu
[unconnected_items]: Missing connection between items
    Local override; error
    @(98.1130 mm, 86.9380 mm): Pad 2 [ROW3] of D45 on F.Cu
    @(79.0620 mm, 86.9380 mm): Pad 2 [ROW3] of D44 on F.Cu
[unconnected_items]: Missing connection between items
    Local override; error
    @(117.1630 mm, 86.9380 mm): Pad 2 [ROW3] of D46 on F.Cu
    @(98.1130 mm, 86.9380 mm): Pad 2 [ROW3] of D45 on F.Cu
[unconnected_items]: Missing connection between items
    Local override; error
    @(136.2130 mm, 86.9380 mm): Pad 2 [ROW3] of D47 on F.Cu
    @(117.1630 mm, 86.9380 mm): Pad 2 [ROW3] of D46 on F.Cu
[unconnected_items]: Missing connection between items
    Local override; error
    @(155.2630 mm, 86.9380 mm): Pad 2 [ROW3] of D48 on F.Cu
    @(136.2130 mm, 86.9380 mm): Pad 2 [ROW3] of D47 on F.Cu
[unconnected_items]: Missing connection between items
    Local override; error
    @(169.6560 mm, 151.0630 mm): Pad 5 [ROW3] of U1 on F.Cu
    @(174.3120 mm, 86.9380 mm): Pad 2 [ROW3] of D49 on F.Cu
[unconnected_items]: Missing connection between items
    Local override; error
    @(174.3120 mm, 86.9380 mm): Pad 2 [ROW3] of D49 on F.Cu
    @(155.2630 mm, 86.9380 mm): Pad 2 [ROW3] of D48 on F.Cu
[unconnected_items]: Missing connection between items
    Local override; error
    @(193.3630 mm, 86.9380 mm): Pad 2 [ROW3] of D50 on F.Cu
    @(174.3120 mm, 86.9380 mm): Pad 2 [ROW3] of D49 on F.Cu
[unconnected_items]: Missing connection between items
    Local override; error
    @(212.4130 mm, 86.9380 mm): Pad 2 [ROW3] of D51 on F.Cu
    @(193.3630 mm, 86.9380 mm): Pad 2 [ROW3] of D50 on F.Cu
[unconnected_items]: Missing connection between items
    Local override; error
    @(231.4630 mm, 86.9380 mm): Pad 2 [ROW3] of D52 on F.Cu
    @(212.4130 mm, 86.9380 mm): Pad 2 [ROW3] of D51 on F.Cu
[unconnected_items]: Missing connection between items
    Local override; error
    @(250.5130 mm, 86.9380 mm): Pad 2 [ROW3] of D53 on F.Cu
    @(231.4630 mm, 86.9380 mm): Pad 2 [ROW3] of D52 on F.Cu
[unconnected_items]: Missing connection between items
    Local override; error
    @(281.4690 mm, 86.9380 mm): Pad 2 [ROW3] of D54 on F.Cu
    @(250.5130 mm, 86.9380 mm): Pad 2 [ROW3] of D53 on F.Cu
[unconnected_items]: Missing connection between items
    Local override; error
    @(317.1880 mm, 86.9380 mm): Pad 2 [ROW3] of D79 on F.Cu
    @(281.4690 mm, 86.9380 mm): Pad 2 [ROW3] of D54 on F.Cu
[unconnected_items]: Missing connection between items
    Local override; error
    @(336.2380 mm, 86.9380 mm): Pad 2 [ROW3] of D80 on F.Cu
    @(317.1880 mm, 86.9380 mm): Pad 2 [ROW3] of D79 on F.Cu
[unconnected_items]: Missing connection between items
    Local override; error
    @(69.5380 mm, 105.9870 mm): Pad 2 [ROW4] of D56 on F.Cu
    @(38.5810 mm, 105.9870 mm): Pad 2 [ROW4] of D55 on F.Cu
[unconnected_items]: Missing connection between items
    Local override; error
    @(88.5880 mm, 105.9870 mm): Pad 2 [ROW4] of D57 on F.Cu
    @(69.5380 mm, 105.9870 mm): Pad 2 [ROW4] of D56 on F.Cu
[unconnected_items]: Missing connection between items
    Local override; error
    @(107.6370 mm, 105.9870 mm): Pad 2 [ROW4] of D58 on F.Cu
    @(88.5880 mm, 105.9870 mm): Pad 2 [ROW4] of D57 on F.Cu
[unconnected_items]: Missing connection between items
    Local override; error
    @(126.6880 mm, 105.9870 mm): Pad 2 [ROW4] of D59 on F.Cu
    @(107.6370 mm, 105.9870 mm): Pad 2 [ROW4] of D58 on F.Cu
[unconnected_items]: Missing connection between items
    Local override; error
    @(145.7380 mm, 105.9870 mm): Pad 2 [ROW4] of D60 on F.Cu
    @(126.6880 mm, 105.9870 mm): Pad 2 [ROW4] of D59 on F.Cu
[unconnected_items]: Missing connection between items
    Local override; error
    @(164.7880 mm, 105.9870 mm): Pad 2 [ROW4] of D61 on F.Cu
    @(145.7380 mm, 105.9870 mm): Pad 2 [ROW4] of D60 on F.Cu
[unconnected_items]: Missing connection between items
    Local override; error
    @(169.6560 mm, 151.4630 mm): Pad 6 [ROW4] of U1 on F.Cu
    @(164.7880 mm, 105.9870 mm): Pad 2 [ROW4] of D61 on F.Cu
[unconnected_items]: Missing connection between items
    Local override; error
    @(183.8380 mm, 105.9870 mm): Pad 2 [ROW4] of D62 on F.Cu
    @(164.7880 mm, 105.9870 mm): Pad 2 [ROW4] of D61 on F.Cu
[unconnected_items]: Missing connection between items
    Local override; error
    @(202.8880 mm, 105.9870 mm): Pad 2 [ROW4] of D63 on F.Cu
    @(183.8380 mm, 105.9870 mm): Pad 2 [ROW4] of D62 on F.Cu
[unconnected_items]: Missing connection between items
    Local override; error
    @(221.9370 mm, 105.9870 mm): Pad 2 [ROW4] of D64 on F.Cu
    @(202.8880 mm, 105.9870 mm): Pad 2 [ROW4] of D63 on F.Cu
[unconnected_items]: Missing connection between items
    Local override; error
    @(240.9880 mm, 105.9870 mm): Pad 2 [ROW4] of D65 on F.Cu
    @(221.9370 mm, 105.9870 mm): Pad 2 [ROW4] of D64 on F.Cu
[unconnected_items]: Missing connection between items
    Local override; error
    @(267.1810 mm, 105.9870 mm): Pad 2 [ROW4] of D66 on F.Cu
    @(240.9880 mm, 105.9870 mm): Pad 2 [ROW4] of D65 on F.Cu
[unconnected_items]: Missing connection between items
    Local override; error
    @(317.1880 mm, 105.9870 mm): Pad 2 [ROW4] of D81 on F.Cu
    @(267.1810 mm, 105.9870 mm): Pad 2 [ROW4] of D66 on F.Cu
[unconnected_items]: Missing connection between items
    Local override; error
    @(52.8690 mm, 125.0380 mm): Pad 2 [ROW5] of D68 on F.Cu
    @(29.0560 mm, 125.0380 mm): Pad 2 [ROW5] of D67 on F.Cu
[unconnected_items]: Missing connection between items
    Local override; error
    @(76.6810 mm, 125.0380 mm): Pad 2 [ROW5] of D69 on F.Cu
    @(52.8690 mm, 125.0380 mm): Pad 2 [ROW5] of D68 on F.Cu
[unconnected_items]: Missing connection between items
    Local override; error
    @(148.1190 mm, 125.0380 mm): Pad 2 [ROW5] of D70 on F.Cu
    @(76.6810 mm, 125.0380 mm): Pad 2 [ROW5] of D69 on F.Cu
[unconnected_items]: Missing connection between items
    Local override; error
    @(169.6560 mm, 151.8630 mm): Pad 7 [ROW5] of U1 on F.Cu
    @(148.1190 mm, 125.0380 mm): Pad 2 [ROW5] of D70 on F.Cu
[unconnected_items]: Missing connection between items
    Local override; error
    @(169.6560 mm, 151.8630 mm): Pad 7 [ROW5] of U1 on F.Cu
    @(219.5560 mm, 125.0380 mm): Pad 2 [ROW5] of D71 on F.Cu
[unconnected_items]: Missing connection between items
    Local override; error
    @(243.3690 mm, 125.0380 mm): Pad 2 [ROW5] of D72 on F.Cu
    @(219.5560 mm, 125.0380 mm): Pad 2 [ROW5] of D71 on F.Cu
[unconnected_items]: Missing connection between items
    Local override; error
    @(267.1810 mm, 125.0380 mm): Pad 2 [ROW5] of D73 on F.Cu
    @(243.3690 mm, 125.0380 mm): Pad 2 [ROW5] of D72 on F.Cu
[unconnected_items]: Missing connection between items
    Local override; error
    @(298.1380 mm, 125.0380 mm): Pad 2 [ROW5] of D82 on F.Cu
    @(267.1810 mm, 125.0380 mm): Pad 2 [ROW5] of D73 on F.Cu
[unconnected_items]: Missing connection between items
    Local override; error
    @(317.1880 mm, 125.0380 mm): Pad 2 [ROW5] of D83 on F.Cu
    @(298.1380 mm, 125.0380 mm): Pad 2 [ROW5] of D82 on F.Cu
[unconnected_items]: Missing connection between items
    Local override; error
    @(336.2380 mm, 125.0380 mm): Pad 2 [ROW5] of D84 on F.Cu
    @(317.1880 mm, 125.0380 mm): Pad 2 [ROW5] of D83 on F.Cu
[unconnected_items]: Missing connection between items
    Local override; error
    @(13.4450 mm, 18.5250 mm): PTH pad 1 [COL0] of SW1
    @(13.4450 mm, 42.3370 mm): PTH pad 1 [COL0] of SW14
[unconnected_items]: Missing connection between items
    Local override; error
    @(13.4450 mm, 42.3370 mm): PTH pad 1 [COL0] of SW14
    @(18.2080 mm, 61.3880 mm): PTH pad 1 [COL0] of SW28
[unconnected_items]: Missing connection between items
    Local override; error
    @(18.2080 mm, 61.3880 mm): PTH pad 1 [COL0] of SW28
    @(20.5890 mm, 80.4380 mm): PTH pad 1 [COL0] of SW42
[unconnected_items]: Missing connection between items
    Local override; error
    @(20.5890 mm, 80.4380 mm): PTH pad 1 [COL0] of SW42
    @(25.3510 mm, 99.4870 mm): PTH pad 1 [COL0] of SW55
[unconnected_items]: Missing connection between items
    Local override; error
    @(25.3510 mm, 99.4870 mm): PTH pad 1 [COL0] of SW55
    @(15.8260 mm, 118.5380 mm): PTH pad 1 [COL0] of SW67
[unconnected_items]: Missing connection between items
    Local override; error
    @(169.6560 mm, 152.2630 mm): Pad 8 [COL0] of U1 on F.Cu
    @(25.3510 mm, 99.4870 mm): PTH pad 1 [COL0] of SW55
[unconnected_items]: Missing connection between items
    Local override; error
    @(42.0200 mm, 61.3880 mm): PTH pad 1 [COL1] of SW29
    @(32.4950 mm, 42.3370 mm): PTH pad 1 [COL1] of SW15
[unconnected_items]: Missing connection between items
    Local override; error
    @(46.7830 mm, 80.4380 mm): PTH pad 1 [COL1] of SW43
    @(42.0200 mm, 61.3880 mm): PTH pad 1 [COL1] of SW29
[unconnected_items]: Missing connection between items
    Local override; error
    @(46.7830 mm, 80.4380 mm): PTH pad 1 [COL1] of SW43
    @(56.3080 mm, 99.4870 mm): PTH pad 1 [COL1] of SW56
[unconnected_items]: Missing connection between items
    Local override; error
    @(51.5450 mm, 18.5250 mm): PTH pad 1 [COL1] of SW2
    @(32.4950 mm, 42.3370 mm): PTH pad 1 [COL1] of SW15
[unconnected_items]: Missing connection between items
    Local override; error
    @(56.3080 mm, 99.4870 mm): PTH pad 1 [COL1] of SW56
    @(39.6390 mm, 118.5380 mm): PTH pad 1 [COL1] of SW68
[unconnected_items]: Missing connection between items
    Local override; error
    @(56.3080 mm, 99.4870 mm): PTH pad 1 [COL1] of SW56
    @(169.6560 mm, 152.6630 mm): Pad 9 [COL1] of U1 on F.Cu
[unconnected_items]: Missing connection between items
    Local override; error
    @(51.5450 mm, 42.3370 mm): PTH pad 1 [COL2] of SW16
    @(61.0700 mm, 61.3880 mm): PTH pad 1 [COL2] of SW30
[unconnected_items]: Missing connection between items
    Local override; error
    @(65.8320 mm, 80.4380 mm): PTH pad 1 [COL2] of SW44
    @(61.0700 mm, 61.3880 mm): PTH pad 1 [COL2] of SW30
[unconnected_items]: Missing connection between items
    Local override; error
    @(70.5950 mm, 18.5250 mm): PTH pad 1 [COL2] of SW3
    @(51.5450 mm, 42.3370 mm): PTH pad 1 [COL2] of SW16
[unconnected_items]: Missing connection between items
    Local override; error
    @(75.3580 mm, 99.4870 mm): PTH pad 1 [COL2] of SW57
    @(65.8320 mm, 80.4380 mm): PTH pad 1 [COL2] of SW44
[unconnected_items]: Missing connection between items
    Local override; error
    @(75.3580 mm, 99.4870 mm): PTH pad 1 [COL2] of SW57
    @(63.4510 mm, 118.5380 mm): PTH pad 1 [COL2] of SW69
[unconnected_items]: Missing connection between items
    Local override; error
    @(75.3580 mm, 99.4870 mm): PTH pad 1 [COL2] of SW57
    @(169.6560 mm, 153.4630 mm): Pad 11 [COL2] of U1 on F.Cu
[unconnected_items]: Missing connection between items
    Local override; error
    @(80.1200 mm, 61.3880 mm): PTH pad 1 [COL3] of SW31
    @(70.5950 mm, 42.3370 mm): PTH pad 1 [COL3] of SW17
[unconnected_items]: Missing connection between items
    Local override; error
    @(84.8830 mm, 80.4380 mm): PTH pad 1 [COL3] of SW45
    @(80.1200 mm, 61.3880 mm): PTH pad 1 [COL3] of SW31
[unconnected_items]: Missing connection between items
    Local override; error
    @(84.8830 mm, 80.4380 mm): PTH pad 1 [COL3] of SW45
    @(94.4070 mm, 99.4870 mm): PTH pad 1 [COL3] of SW58
[unconnected_items]: Missing connection between items
    Local override; error
    @(89.6450 mm, 18.5250 mm): PTH pad 1 [COL3] of SW4
    @(70.5950 mm, 42.3370 mm): PTH pad 1 [COL3] of SW17
[unconnected_items]: Missing connection between items
    Local override; error
    @(94.4070 mm, 99.4870 mm): PTH pad 1 [COL3] of SW58
    @(134.8890 mm, 118.5380 mm): PTH pad 1 [COL3] of SW70
[unconnected_items]: Missing connection between items
    Local override; error
    @(134.8890 mm, 118.5380 mm): PTH pad 1 [COL3] of SW70
    @(169.6560 mm, 153.8630 mm): Pad 12 [COL3] of U1 on F.Cu
[unconnected_items]: Missing connection between items
    Local override; error
    @(99.1700 mm, 61.3880 mm): PTH pad 1 [COL4] of SW32
    @(103.9330 mm, 80.4380 mm): PTH pad 1 [COL4] of SW46
[unconnected_items]: Missing connection between items
    Local override; error
    @(99.1700 mm, 61.3880 mm): PTH pad 1 [COL4] of SW32
    @(89.6450 mm, 42.3370 mm): PTH pad 1 [COL4] of SW18
[unconnected_items]: Missing connection between items
    Local override; error
    @(103.9330 mm, 80.4380 mm): PTH pad 1 [COL4] of SW46
    @(113.4580 mm, 99.4870 mm): PTH pad 1 [COL4] of SW59
[unconnected_items]: Missing connection between items
    Local override; error
    @(108.6950 mm, 18.5250 mm): PTH pad 1 [COL4] of SW5
    @(89.6450 mm, 42.3370 mm): PTH pad 1 [COL4] of SW18
[unconnected_items]: Missing connection between items
    Local override; error
    @(113.4580 mm, 99.4870 mm): PTH pad 1 [COL4] of SW59
    @(169.6560 mm, 154.2630 mm): Pad 13 [COL4] of U1 on F.Cu
[unconnected_items]: Missing connection between items
    Local override; error
    @(169.6560 mm, 154.2630 mm): Pad 13 [COL4] of U1 on F.Cu
    @(206.3260 mm, 118.5380 mm): PTH pad 1 [COL4] of SW71
[unconnected_items]: Missing connection between items
    Local override; error
    @(118.2200 mm, 61.3880 mm): PTH pad 1 [COL5] of SW33
    @(122.9830 mm, 80.4380 mm): PTH pad 1 [COL5] of SW47
[unconnected_items]: Missing connection between items
    Local override; error
    @(118.2200 mm, 61.3880 mm): PTH pad 1 [COL5] of SW33
    @(108.6950 mm, 42.3370 mm): PTH pad 1 [COL5] of SW19
[unconnected_items]: Missing connection between items
    Local override; error
    @(122.9830 mm, 80.4380 mm): PTH pad 1 [COL5] of SW47
    @(132.5080 mm, 99.4870 mm): PTH pad 1 [COL5] of SW60
[unconnected_items]: Missing connection between items
    Local override; error
    @(132.5080 mm, 99.4870 mm): PTH pad 1 [COL5] of SW60
    @(169.6560 mm, 154.6630 mm): Pad 14 [COL5] of U1 on F.Cu
[unconnected_items]: Missing connection between items
    Local override; error
    @(137.2700 mm, 18.5250 mm): PTH pad 1 [COL5] of SW6
    @(108.6950 mm, 42.3370 mm): PTH pad 1 [COL5] of SW19
[unconnected_items]: Missing connection between items
    Local override; error
    @(169.6560 mm, 154.6630 mm): Pad 14 [COL5] of U1 on F.Cu
    @(230.1390 mm, 118.5380 mm): PTH pad 1 [COL5] of SW72
[unconnected_items]: Missing connection between items
    Local override; error
    @(127.7450 mm, 42.3370 mm): PTH pad 1 [COL6] of SW20
    @(137.2700 mm, 61.3880 mm): PTH pad 1 [COL6] of SW34
[unconnected_items]: Missing connection between items
    Local override; error
    @(137.2700 mm, 61.3880 mm): PTH pad 1 [COL6] of SW34
    @(142.0330 mm, 80.4380 mm): PTH pad 1 [COL6] of SW48
[unconnected_items]: Missing connection between items
    Local override; error
    @(142.0330 mm, 80.4380 mm): PTH pad 1 [COL6] of SW48
    @(151.5580 mm, 99.4870 mm): PTH pad 1 [COL6] of SW61
[unconnected_items]: Missing connection between items
    Local override; error
    @(156.3200 mm, 18.5250 mm): PTH pad 1 [COL6] of SW7
    @(127.7450 mm, 42.3370 mm): PTH pad 1 [COL6] of SW20
[unconnected_items]: Missing connection between items
    Local override; error
    @(170.7060 mm, 155.7130 mm): Pad 15 [COL6] of U1 on F.Cu
    @(151.5580 mm, 99.4870 mm): PTH pad 1 [COL6] of SW61
[unconnected_items]: Missing connection between items
    Local override; error
    @(170.7060 mm, 155.7130 mm): Pad 15 [COL6] of U1 on F.Cu
    @(253.9510 mm, 118.5380 mm): PTH pad 1 [COL6] of SW73
[unconnected_items]: Missing connection between items
    Local override; error
    @(146.7950 mm, 42.3370 mm): PTH pad 1 [COL7] of SW21
    @(156.3200 mm, 61.3880 mm): PTH pad 1 [COL7] of SW35
[unconnected_items]: Missing connection between items
    Local override; error
    @(156.3200 mm, 61.3880 mm): PTH pad 1 [COL7] of SW35
    @(161.0820 mm, 80.4380 mm): PTH pad 1 [COL7] of SW49
[unconnected_items]: Missing connection between items
    Local override; error
    @(161.0820 mm, 80.4380 mm): PTH pad 1 [COL7] of SW49
    @(170.6080 mm, 99.4870 mm): PTH pad 1 [COL7] of SW62
[unconnected_items]: Missing connection between items
    Local override; error
    @(171.1060 mm, 155.7130 mm): Pad 16 [COL7] of U1 on F.Cu
    @(170.6080 mm, 99.4870 mm): PTH pad 1 [COL7] of SW62
[unconnected_items]: Missing connection between items
    Local override; error
    @(175.3700 mm, 18.5250 mm): PTH pad 1 [COL7] of SW8
    @(146.7950 mm, 42.3370 mm): PTH pad 1 [COL7] of SW21
[unconnected_items]: Missing connection between items
    Local override; error
    @(284.9080 mm, 118.5380 mm): PTH pad 1 [COL7] of SW82
    @(170.6080 mm, 99.4870 mm): PTH pad 1 [COL7] of SW62
[unconnected_items]: Missing connection between items
    Local override; error
    @(165.8450 mm, 42.3370 mm): PTH pad 1 [COL8] of SW22
    @(175.3700 mm, 61.3880 mm): PTH pad 1 [COL8] of SW36
[unconnected_items]: Missing connection between items
    Local override; error
    @(175.3700 mm, 61.3880 mm): PTH pad 1 [COL8] of SW36
    @(180.1330 mm, 80.4380 mm): PTH pad 1 [COL8] of SW50
[unconnected_items]: Missing connection between items
    Local override; error
    @(189.6580 mm, 99.4870 mm): PTH pad 1 [COL8] of SW63
    @(180.1330 mm, 80.4380 mm): PTH pad 1 [COL8] of SW50
[unconnected_items]: Missing connection between items
    Local override; error
    @(189.6580 mm, 99.4870 mm): PTH pad 1 [COL8] of SW63
    @(171.5060 mm, 155.7130 mm): Pad 17 [COL8] of U1 on F.Cu
[unconnected_items]: Missing connection between items
    Local override; error
    @(189.6580 mm, 99.4870 mm): PTH pad 1 [COL8] of SW63
    @(303.9580 mm, 118.5380 mm): PTH pad 1 [COL8] of SW83
[unconnected_items]: Missing connection between items
    Local override; error
    @(194.4200 mm, 18.5250 mm): PTH pad 1 [COL8] of SW9
    @(165.8450 mm, 42.3370 mm): PTH pad 1 [COL8] of SW22
[unconnected_items]: Missing connection between items
    Local override; error
    @(171.9060 mm, 155.7130 mm): Pad 18 [COL9] of U1 on F.Cu
    @(208.7070 mm, 99.4870 mm): PTH pad 1 [COL9] of SW64
[unconnected_items]: Missing connection between items
    Local override; error
    @(184.8950 mm, 42.3370 mm): PTH pad 1 [COL9] of SW23
    @(194.4200 mm, 61.3880 mm): PTH pad 1 [COL9] of SW37
[unconnected_items]: Missing connection between items
    Local override; error
    @(194.4200 mm, 61.3880 mm): PTH pad 1 [COL9] of SW37
    @(199.1830 mm, 80.4380 mm): PTH pad 1 [COL9] of SW51
[unconnected_items]: Missing connection between items
    Local override; error
    @(199.1830 mm, 80.4380 mm): PTH pad 1 [COL9] of SW51
    @(208.7070 mm, 99.4870 mm): PTH pad 1 [COL9] of SW64
[unconnected_items]: Missing connection between items
    Local override; error
    @(208.7070 mm, 99.4870 mm): PTH pad 1 [COL9] of SW64
    @(323.0080 mm, 118.5380 mm): PTH pad 1 [COL9] of SW84
[unconnected_items]: Missing connection between items
    Local override; error
    @(222.9950 mm, 18.5250 mm): PTH pad 1 [COL9] of SW10
    @(184.8950 mm, 42.3370 mm): PTH pad 1 [COL9] of SW23
[unconnected_items]: Missing connection between items
    Local override; error
    @(175.5060 mm, 155.7130 mm): Pad 27 [COL10] of U1 on F.Cu
    @(227.7580 mm, 99.4870 mm): PTH pad 1 [COL10] of SW65
[unconnected_items]: Missing connection between items
    Local override; error
    @(213.4700 mm, 61.3880 mm): PTH pad 1 [COL10] of SW38
    @(218.2330 mm, 80.4380 mm): PTH pad 1 [COL10] of SW52
[unconnected_items]: Missing connection between items
    Local override; error
    @(213.4700 mm, 61.3880 mm): PTH pad 1 [COL10] of SW38
    @(203.9450 mm, 42.3370 mm): PTH pad 1 [COL10] of SW24
[unconnected_items]: Missing connection between items
    Local override; error
    @(227.7580 mm, 99.4870 mm): PTH pad 1 [COL10] of SW65
    @(218.2330 mm, 80.4380 mm): PTH pad 1 [COL10] of SW52
[unconnected_items]: Missing connection between items
    Local override; error
    @(242.0450 mm, 18.5250 mm): PTH pad 1 [COL10] of SW11
    @(203.9450 mm, 42.3370 mm): PTH pad 1 [COL10] of SW24
[unconnected_items]: Missing connection between items
    Local override; error
    @(175.9060 mm, 155.7130 mm): Pad 28 [COL11] of U1 on F.Cu
    @(253.9510 mm, 99.4870 mm): PTH pad 1 [COL11] of SW66
[unconnected_items]: Missing connection between items
    Local override; error
    @(232.5200 mm, 61.3880 mm): PTH pad 1 [COL11] of SW39
    @(237.2830 mm, 80.4380 mm): PTH pad 1 [COL11] of SW53
[unconnected_items]: Missing connection between items
    Local override; error
    @(232.5200 mm, 61.3880 mm): PTH pad 1 [COL11] of SW39
    @(222.9950 mm, 42.3370 mm): PTH pad 1 [COL11] of SW25
[unconnected_items]: Missing connection between items
    Local override; error
    @(253.9510 mm, 99.4870 mm): PTH pad 1 [COL11] of SW66
    @(237.2830 mm, 80.4380 mm): PTH pad 1 [COL11] of SW53
[unconnected_items]: Missing connection between items
    Local override; error
    @(261.0950 mm, 18.5250 mm): PTH pad 1 [COL11] of SW12
    @(222.9950 mm, 42.3370 mm): PTH pad 1 [COL11] of SW25
[unconnected_items]: Missing connection between items
    Local override; error
    @(242.0450 mm, 42.3370 mm): PTH pad 1 [COL12] of SW26
    @(251.5700 mm, 61.3880 mm): PTH pad 1 [COL12] of SW40
[unconnected_items]: Missing connection between items
    Local override; error
    @(251.5700 mm, 61.3880 mm): PTH pad 1 [COL12] of SW40
    @(268.2390 mm, 80.4380 mm): PTH pad 1 [COL12] of SW54
[unconnected_items]: Missing connection between items
    Local override; error
    @(268.2390 mm, 80.4380 mm): PTH pad 1 [COL12] of SW54
    @(176.9560 mm, 154.6630 mm): Pad 29 [COL12] of U1 on F.Cu
[unconnected_items]: Missing connection between items
    Local override; error
    @(280.1450 mm, 18.5250 mm): PTH pad 1 [COL12] of SW13
    @(242.0450 mm, 42.3370 mm): PTH pad 1 [COL12] of SW26
[unconnected_items]: Missing connection between items
    Local override; error
    @(303.9580 mm, 99.4870 mm): PTH pad 1 [COL12] of SW81
    @(268.2390 mm, 80.4380 mm): PTH pad 1 [COL12] of SW54
[unconnected_items]: Missing connection between items
    Local override; error
    @(176.9560 mm, 154.2630 mm): Pad 30 [COL13] of U1 on F.Cu
    @(275.3830 mm, 61.3880 mm): PTH pad 1 [COL13] of SW41
[unconnected_items]: Missing connection between items
    Local override; error
    @(270.6200 mm, 42.3370 mm): PTH pad 1 [COL13] of SW27
    @(275.3830 mm, 61.3880 mm): PTH pad 1 [COL13] of SW41
[unconnected_items]: Missing connection between items
    Local override; error
    @(275.3830 mm, 61.3880 mm): PTH pad 1 [COL13] of SW41
    @(303.9580 mm, 80.4380 mm): PTH pad 1 [COL13] of SW79
[unconnected_items]: Missing connection between items
    Local override; error
    @(303.9580 mm, 18.5250 mm): PTH pad 1 [COL13] of SW74
    @(270.6200 mm, 42.3370 mm): PTH pad 1 [COL13] of SW27
[unconnected_items]: Missing connection between items
    Local override; error
    @(303.9580 mm, 42.3370 mm): PTH pad 1 [COL14] of SW75
    @(303.9580 mm, 61.3880 mm): PTH pad 1 [COL14] of SW77
[unconnected_items]: Missing connection between items
    Local override; error
    @(303.9580 mm, 61.3880 mm): PTH pad 1 [COL14] of SW77
    @(323.0080 mm, 80.4380 mm): PTH pad 1 [COL14] of SW80
[unconnected_items]: Missing connection between items
    Local override; error
    @(303.9580 mm, 61.3880 mm): PTH pad 1 [COL14] of SW77
    @(176.9560 mm, 153.8630 mm): Pad 31 [COL14] of U1 on F.Cu
[unconnected_items]: Missing connection between items
    Local override; error
    @(176.9560 mm, 153.4630 mm): Pad 32 [COL15] of U1 on F.Cu
    @(323.0080 mm, 61.3880 mm): PTH pad 1 [COL15] of SW78
[unconnected_items]: Missing connection between items
    Local override; error
    @(323.0080 mm, 61.3880 mm): PTH pad 1 [COL15] of SW78
    @(323.0080 mm, 42.3370 mm): PTH pad 1 [COL15] of SW76

** Found 0 Footprint errors **

** Ignored checks **
    - Footprint has no courtyard defined
    - Track endpoint not centered on via
    - Tuning profile track geometries
    - Footprint doesn't match symbol's footprint filters
    - Footprint component type doesn't match footprint pads

** End of Report **
